---
source: core/tests/test_runner/mod.rs
info: "core\\tests\\test_runner\\mod.rs"
---
Paragraph(Paragraph **with** inlines.)
---
With input:

Paragraph **with** inlines.


