---
source: core/tests/test_runner/mod.rs
description: "Parse a simple paragraph.\n"
info: "core\\tests\\test_runner\\mod.rs"
---
Paragraph(Simple paragraph.)
---
With input:

Simple paragraph.


