---
source: core/tests/test_runner/mod.rs
description: "Some description about the test\n"
info: core/tests/test_runner/mod.rs
---
Paragraph(
	###
	Enclosed content
	###
)
---
With input:

###
Enclosed content
###


