---
source: inline/tests/parser/mod.rs
info: "Test 'distinct-reference-without-fields' from 'markup\\distinct_reference.yml'"
---
Plain @ (1:1)->(1:30) (
    Text with distinct reference 
    ^^^^^^^^^^^^^^^^^^^^^^^^^^^^^
)
DistinctReference @ (1:30)->(1:38) (
    id-1.authors
)
Plain @ (1:38)->(1:54) (
     without fields.
    ^^^^^^^^^^^^^^^^
)

---
With input:

Text with distinct reference &&id-1&& without fields.


